// Jest Snapshot v1, https://goo.gl/fbAQLP

exports[`renders correctly 1`] = `
<div
  className="homePage"
>
  <h2
    className="homeText"
  >
    Welcome to our page!
  </h2>
  <p
    className="homeText"
  >
    Lorem ipsum dolor sit amet, consectetur adipiscing elit. Mauris accumsan felis libero, ut molestie erat cursus sit amet. Nam ac mauris pulvinar, consectetur lectus vitae, ultrices justo. Donec ultricies arcu in nunc hendrerit tristique. Vivamus lacinia accumsan maximus. Fusce lobortis tincidunt nisl, id tincidunt tellus varius sed. Donec ante risus, gravida at libero in, gravida molestie metus. Aenean ac fermentum elit, vitae blandit est. Nam sodales et augue quis mollis. Aliquam aliquet velit eget quam molestie, pharetra molestie dolor pulvinar. Ut commodo, sem at tristique facilisis, nisl elit tincidunt ligula, sed molestie diam tellus fringilla est.
  </p>
</div>
`;
